## rpm distro: "AlmaLinux 9.8 (Olive Jaguar)"
## dnf install cargo rust rpm-build ...
## toolchain identity:
   rustc=rustc 1.92.0 (ded5c06cf 2025-12-08) (Red Hat 1.92.0-1.el9)
   cargo=cargo 1.92.0 (344c4567c 2025-10-21) (Red Hat 1.92.0-1.el9)
   rpm cargo=cargo-1.92.0-1.el9.x86_64
   rpmbuild=RPM version 4.16.1.3
   glibc=ldd (GNU libc) 2.34
   crate_sha256=2859db2c57a72086dfe919974c8cab3de7e70160e87a2b8ac61ab25f6bc5e556
## rpmbuild -bb (fetch deps + cargo build --release --locked from crate source) ...
## built RPM: zic-rs-0.1.0-1.el9.x86_64.rpm  (747449 bytes)
   rpm_sha256=2b5bdef594c8d226a8b8ca94bf42b8470e8b5dc5b0710dff79e27f8514662fd4
## rpm -i installing ...
## packaged binary:
   zic-rs 0.1.0
   binary_sha256=1c9c82fb17a79e95f763d325a98265da399b5bd4aa05b47404d4ecb7a7f3fe0e
   runtime_abi: 	linux-vdso.so.1 (0x00007f6654c68000)
## drop-in matrix with the rpmbuild-built, rpm-installed binary:
   compile_exit=0
   files=598
   bundle_hash: "bundle_hash": "453641ff2568d8b1
## tzdata source sha: 0078657fd0b76865
## DONE
